[www.agrico.co.uk/index.html]
[backblue.gif]
[fade.gif]
[index.html]
[www.agrico.co.uk/media/5dhdz3ku/back-up-video-home.png]
[www.agrico.co.uk/dist/assets/stylesheets/style467c.css]
[www.agrico.co.uk/dist/assets/favicons/apple-touch-icon.png]
[www.agrico.co.uk/dist/assets/favicons/favicon-32x32.png]
[www.agrico.co.uk/dist/assets/favicons/favicon-16x16.png]
[www.agrico.co.uk/dist/assets/favicons/site.json]
[consent.cookiebot.com/uc.js]
[www.agrico.co.uk/media/wqnligca/agrico-uk-logo-smallfc2e.png]
[www.agrico.co.uk/why-agrico.html]
[www.agrico.co.uk/about-agrico-uk.html]
[www.agrico.co.uk/uk-varieties.html]
[www.agrico.co.uk/research.html]
[www.agrico.co.uk/news-events.html]
[www.agrico.co.uk/contact.html]
[www.agrico.co.uk/growers.html]
[www.agrico.co.uk/news.html]
[www.agrico.co.uk/bioselect.html]
[www.agrico.co.uk/next-generation-varieties.html]
[www.agrico.co.uk/media/wyupzefa/img_04827137.jpg]
[www.agrico.co.uk/media/ejgfxadj/def-kleurencirkel-engelsv285cc.png]
[www.agrico.co.uk/testimonials.html]
[www.agrico.co.uk/media/bxljj5m1/markies-pjlee-2544f.jpg]
[www.agrico.co.uk/media/5qmn2d5l/20190625_103615e7b7.jpg]
[www.agrico.co.uk/media/bvbdq5ao/klaas-eissens_agrico-rs-blaadjes-kloontjes-stekken-12-06-19-1352ac.jpg]
[www.agrico.co.uk/media/tg4nkpay/img_732000cf.jpg]
[www.agrico.co.uk/media/fadftgtb/20190625_1037514ccd.jpg]
[www.agrico.co.uk/media/rnbhwibe/klaas-eissens_agrico-rs-27-06-19-demovelden-4211dd.jpg]
[www.agrico.co.uk/media/bo1fiazz/stevene375.png]
[www.agrico.co.uk/media/l4bgqoi0/img_0614501e.jpg]
[www.agrico.co.uk/media/y50lkw1x/slogan-say-960x720px.png]
[www.agrico.co.uk/csr.html]
[www.agrico.co.uk/media/nclm5wc2/agrico-uk-iso-26000-report-2015.pdf]
[www.agrico.co.uk/media/hihjj3nd/agrico-uk-customer-charter-2021.pdf]
[www.agrico.co.uk/trading-conditions.html]
[www.agrico.co.uk/dist/assets/plugins/tiny-slider.js]
[www.agrico.co.uk/dist/assets/scripts/script467c.js]
[www.agrico.co.uk/dist/assets/plugins/gdpr.js]
[mktdplp102cdn.azureedge.net/public/latest/js/ws-trackinge75c.js]
[www.agrico.co.uk/dist/assets/plugins/lazysizes.min.js]
[www.agrico.co.uk/index.html]
[www.agrico.co.uk/dist/assets/fonts/agrico_tuberosum-webfont.woff2]
[www.agrico.co.uk/dist/assets/fonts/agrico_tuberosum-webfont.woff]
[www.agrico.co.uk/dist/assets/stylesheets/style467c.css]
[www.agrico.co.uk/dist/assets/favicons/safari-pinned-tab.svg]
[www.googletagmanager.com/gtm5445.html]
[www.agrico.co.uk/media/55rhrn0f/markies_com_tbr-agrico21.jpg]
[www.agrico.co.uk/media/55rhrn0f/markies_com_tbr-agrico210f2e.jpg]
[www.agrico.co.uk/media/0rxlscpg/proefversie-uk-modele21d.png]
[www.agrico.co.uk/media/0jpfgt4x/agrico-uk-planting-ajallan-2b-04-206125.jpg]
[www.agrico.co.uk/media/t2vd4uhr/alex700d.png]
[www.agrico.co.uk/media/tg4nkpay/img_7320ddff.jpg]
[www.agrico.co.uk/media/qhvl1rbp/veld-keuren-door-de-nak987a.jpg]
[www.agrico.co.uk/media/3phpfcym/img_9844d42a.png]
[www.agrico.co.uk/media/vxrdmbfi/klaas-eissens_agrico-rassenshow-07-11-19-4eddc.jpg]
[www.agrico.co.uk/media/3w3cwj1d/img_0773c5a92fb80fc8d8d69cd4ebda7b3117f363a4aafc95747f502d9960f2b9794190c408.jpg]
[www.agrico.co.uk/media/qindpeuk/markies0c04.jpg]
[www.agrico.co.uk/media/ep0phggp/research1669.png]
[www.agrico.co.uk/media/jqvf4b5h/adam-young4221.png]
[www.agrico.co.uk/why-agrico.html]
[www.agrico.co.uk/media/f4ucotou/dji_0050.jpg]
[www.agrico.co.uk/media/f4ucotou/dji_0050310b.jpg]
[www.agrico.co.uk/media/i1bhiri0/zoom-in-op-uk-sited774.png]
[www.agrico.co.uk/media/yfqpkxuj/pate-lifted-arsenalba06.jpg]
[www.agrico.co.uk/media/q1udbybr/assist-growers-small2a4ed.png]
[www.agrico.co.uk/media/l4dfifz2/archie-gibson-agrico-uk2014.jpg]
[www.agrico.co.uk/media/bjcjfk4q/img_00093501.jpg]
[www.agrico.co.uk/media/4fygy13u/20-07-16_veld-fontane-teler-hendriks_0048d5f7.jpg]
[www.agrico.co.uk/media/qqzp30xi/agrico-fruitlogistica-809_0ca81.jpg]
[www.agrico.co.uk/media/arths2ax/ev_people-agrico18de5f.jpg]
[www.agrico.co.uk/media/bmbfx5tk/img_7395ac56.jpg]
[www.agrico.co.uk/media/lmzjpdqb/img_729271d9.jpg]
[www.agrico.co.uk/about-agrico-uk.html]
[www.agrico.co.uk/media/v0bjy1h3/arsenal_com_fld-agrico18-1.jpg]
[www.agrico.co.uk/media/v0bjy1h3/arsenal_com_fld-agrico18-132be.jpg]
[www.agrico.co.uk/dist/vue-product-overview/js/app.js]
[www.agrico.co.uk/uk-varieties.html]
[www.agrico.co.uk/dist/vue-product-overview/js/chunk-vendors.js]
[www.agrico.co.uk/media/xhrlybm4/klaas-eissens_afgrico-rs-14-06-19-8.jpg]
[www.agrico.co.uk/media/xhrlybm4/klaas-eissens_afgrico-rs-14-06-19-83135.jpg]
[www.agrico.co.uk/media/jogjf5gw/shutterstock_193055013893d5.jpg]
[www.agrico.co.uk/case-study-ktp.html]
[www.agrico.co.uk/media/uznbbvwu/dscn6897_genetische-variatie-zorgt-onder-andere-voor-variatie-in-bloemkleurenef2f.jpg]
[www.agrico.co.uk/case-study-pedigree-analysis.html]
[www.agrico.co.uk/media/fadftgtb/20190625_103751cae6.jpg]
[www.agrico.co.uk/media/bd2b3l3k/potato-cyst-nematodes-pcndf41.png]
[www.agrico.co.uk/media/dqwjea1t/0317-totaal-gekooktf971.jpg]
[www.agrico.co.uk/media/mgrpz2f1/20190116_14300448dc.jpg]
[www.agrico.co.uk/media/mkam133k/next-generation-rassen-de-ontwikkeling-en-00_00_08_22-still001.jpg]
[www.agrico.co.uk/research.html]
[www.agrico.co.uk/media/fi4pw0j1/dji_0138.jpg]
[www.agrico.co.uk/media/fi4pw0j1/dji_013877c7.jpg]
[www.agrico.co.uk/event-overview.html]
[www.agrico.co.uk/news/chippy-chat-open-day-2022.html]
[www.agrico.co.uk/media/5rphz2ly/cchat2b7f0.jpg]
[www.agrico.co.uk/news/agrico-uk-variety-open-days-at-crowland.html]
[www.agrico.co.uk/media/s4hf2s3s/ag-variety-day45b7d.jpg]
[www.agrico.co.uk/media/uejfi0l0/babylon_com_tbr-agrico190499.jpg]
[www.agrico.co.uk/media/mukh3g2n/babylon-chips-wedding37fd.jpg]
[www.agrico.co.uk/media/i3zjlhvx/foto-babylon-agrico-uk9658.jpg]
[www.agrico.co.uk/media/4u2pyozn/agrico-uk-babylon-challengef2e7.jpg]
[www.agrico.co.uk/news/world-potato-congress-2022.html]
[www.agrico.co.uk/media/5suozwfg/fupn-cox0aewsnc4b92.jpg]
[www.agrico.co.uk/media/gtnlqeug/between-the-dreels-summer-2021-issue-15.pdf]
[www.agrico.co.uk/media/jxflbjmp/between-the-dreels-1517f2.png]
[www.agrico.co.uk/news/babylon-the-early-years.html]
[www.agrico.co.uk/media/ivrb003g/babylon_com_tbr-agrico21-ukfb03.jpg]
[www.agrico.co.uk/media/lykbejb1/fdf-award-2020d1e8.jpg]
[www.agrico.co.uk/media/1r3jmthy/uk-grower-awards-20171e11.jpg]
[www.agrico.co.uk/media/24cdywcd/launch-lugano-and-babylon-ca811c.jpg]
[www.agrico.co.uk/news-events.html]
[www.agrico.co.uk/media/phwfragr/prc_str-agrico20-uk-1.jpg]
[www.agrico.co.uk/media/phwfragr/prc_str-agrico20-uk-12988.jpg]
[www.agrico.co.uk/contact.html]
[www.agrico.co.uk/enquiry-form.html]
[www.agrico.co.uk/media/3r1hldat/agrico-uk-planting-hmill-3-04-21af4233cda624697dbd5452e9d41f76e8d9db4f5f69fa1884cd72f77bf3ec4d2d.jpg]
[www.agrico.co.uk/media/3r1hldat/agrico-uk-planting-hmill-3-04-21af4233cda624697dbd5452e9d41f76e8d9db4f5f69fa1884cd72f77bf3ec4d2dcc21.jpg]
[www.agrico.co.uk/media/qindpeuk/markies6558.jpg]
[www.agrico.co.uk/media/nywlgosp/03-07-14_uitbetalingsvergadering-kruisland_0013_bewerkt-18616.jpg]
[www.agrico.co.uk/media/ub5lqio2/images_smoothprocess-niet-in-definitieve-versie-gebruiken06f7.jpg]
[www.agrico.co.uk/media/1j0jpzmo/e1a70cf1-319d-4db7-9259-5eb646167e9e1b10.jpg]
[www.agrico.co.uk/media/t5obru1s/graeme7185.png]
[www.agrico.co.uk/growers.html]
[www.agrico.co.uk/media/2ugpa45x/dji_0293.jpg]
[www.agrico.co.uk/media/2ugpa45x/dji_0293d600.jpg]
[www.agrico.co.uk/media/n1fpvl4q/friers-delight-news-article3ec1.jpg]
[www.agrico.co.uk/news.html]
[www.agrico.co.uk/media/ba4pyrua/dsc_0013.jpg]
[www.agrico.co.uk/media/ba4pyrua/dsc_001364e3.jpg]
[www.agrico.co.uk/media/wwobwyi1/aangepast-logo-bioselectcd21.png]
[www.agrico.co.uk/uk-varieties/alouette.html]
[www.agrico.co.uk/media/jkdfhgmi/alouette_grb-cl-agrico20-met-stempel800x4480f2a.png]
[www.agrico.co.uk/uk-varieties/athlete.html]
[www.agrico.co.uk/media/x2tlfqlb/athlete3fce.jpg]
[www.agrico.co.uk/uk-varieties/beyonce.html]
[www.agrico.co.uk/media/3htfg2id/beyonce_grb-cl-agrico20-met-stempel800x448429b.png]
[www.agrico.co.uk/uk-varieties/carolus.html]
[www.agrico.co.uk/media/meeneuzn/carolus_grb-cl-agrico20-met-stempel800x4487fd6.png]
[www.agrico.co.uk/uk-varieties/jacky.html]
[www.agrico.co.uk/media/zyhhpwd1/jacky_grb-cl-agrico20-met-stempel800x44847a8.png]
[www.agrico.co.uk/uk-varieties/levante.html]
[www.agrico.co.uk/media/d1ql2wm0/levante_grb-agrico21-met-stempel800x44891d1.png]
[www.agrico.co.uk/uk-varieties/marfona.html]
[www.agrico.co.uk/media/rvnfatpv/marfona-b-agrico-nl-hr-2020d649.jpg]
[www.agrico.co.uk/uk-varieties/twinner.html]
[www.agrico.co.uk/media/abehyepg/twinner_grb-cl-agrico20-met-stempel800x448c0dd.png]
[www.agrico.co.uk/uk-varieties/twister.html]
[www.agrico.co.uk/media/dn0dhkw3/twister_grb-cl-agrico20-met-stempel800x448b52c.png]
[www.agrico.co.uk/media/0grny1c4/bioselect-trading-schedule.pdf]
[www.agrico.co.uk/media/nimkfvyw/bioselect-trading-certificate.pdf]
[www.agrico.co.uk/bioselect.html]
[www.agrico.co.uk/media/sriif4oo/carolus-knollen-omhoog-trekken3e80.jpg]
[www.agrico.co.uk/media/r1bl2ldk/aardappels-op-een-plankb020.jpg]
[www.agrico.co.uk/media/auqj3wcu/dsc_01809c6c.jpg]
[www.agrico.co.uk/media/rxmj5xp5/alouette-nieuw-b-agrico-nl-hr-2020-foto-niet-goede90f.jpg]
[www.agrico.co.uk/media/f3rbj0o4/beyonce-b-agrico-nl-hr-2020778e.jpg]
[www.agrico.co.uk/media/mnpngbmd/carolus-b-agrico-nl-hr-202006c8.jpg]
[www.agrico.co.uk/media/ee1bjlay/jacky-b-agrico-nl-hr-2020904d.jpg]
[www.agrico.co.uk/media/xdvnp45t/levante-b-agrico-nl-hr-2020-geen-goede-fotoe0e7.jpg]
[www.agrico.co.uk/media/omegqd25/twinner-b-agrico-nl-hr-2020-geen-goede-foto9820.jpg]
[www.agrico.co.uk/media/x5clpxu3/twister-b-agrico-nl-hr-2020-geen-goede-foto8d83.jpg]
[www.agrico.co.uk/next-generation-varieties.html]
[www.agrico.co.uk/media/y34bs3ii/markies-_comfld-f-agrico17.jpg]
[www.agrico.co.uk/media/y34bs3ii/markies-_comfld-f-agrico17c3d0.jpg]
[www.agrico.co.uk/uk-varieties/arsenal.html]
[www.agrico.co.uk/media/gnchcn1f/manitou_com_tbr-agrico21b521.jpg]
[www.agrico.co.uk/uk-varieties/manitou.html]
[www.agrico.co.uk/uk-varieties/picasso.html]
[www.agrico.co.uk/media/qmzjuy4t/picasso_com_fld-agrico1851e7.jpg]
[www.agrico.co.uk/media/zdsp1okw/markies_com_tbr-agrico21-1fdb9.jpg]
[www.agrico.co.uk/testimonials.html]
[www.agrico.co.uk/uk-varieties/markies.html]
[www.agrico.co.uk/media/5dhdz3ku/back-up-video-home3eed.png]
[www.agrico.co.uk/media/ychlz102/agrico_gmpro_evolution-7404339e.jpg]
[www.agrico.co.uk/media/1j0jpzmo/e1a70cf1-319d-4db7-9259-5eb646167e9e98e8.jpg]
[www.agrico.co.uk/media/4uhepi3k/20-07-16_veld-fontane-teler-hendriks_0016952b.jpg]
[www.agrico.co.uk/media/uyhgqu22/open-dag-zimbabwe7eec.jpg]
[www.agrico.co.uk/media/twgfwioj/klaas-eissens_agrico-rs-27-06-19-demovelden-4843d.jpg]
[www.agrico.co.uk/media/uc5ns2bo/gettyimages-1220081754-1200x628-getty-images-voor-definitieve-versie-kopen9abd.jpg]
[www.agrico.co.uk/csr.html]
[www.agrico.co.uk/media/pwhj1gpc/agrico-uk-special-cond-sale.pdf]
[www.agrico.co.uk/media/zovbe4qt/pimvandermaden-170705113827b10.jpg]
[www.agrico.co.uk/media/iarjrnsv/klaas-eissens-av-producties_agrico_smits-selectie-fontane-17-06-20-21ca7.jpg]
[www.agrico.co.uk/media/gt4pzfot/ar-bloeiende-aardappelen-010709-5814d.jpg]
[www.agrico.co.uk/media/ogpcrlra/19-07-12_frankrijk-bgn-evs-rlg_0094dd60.jpg]
[www.agrico.co.uk/trading-conditions.html]
[mktdplp102cdn.azureedge.net/public/latest/js/ws-trackinge75c.js]
[www.agrico.co.uk/media/1ith2vzw/ldk.png]
[www.agrico.co.uk/media/1ith2vzw/ldkf660.png]
[www.agrico.co.uk/media/cmuj4lbr/dr-john-grigor-abertay-university5749.jpg]
[www.agrico.co.uk/media/uynjds00/shutterstock_91610930bb01.jpg]
[www.agrico.co.uk/media/4kmbityq/predictive-models-app7379.jpg]
[www.agrico.co.uk/media/vimd3zme/steven-muir8ccf.jpg]
[www.agrico.co.uk/case-study-ktp.html]
[www.agrico.co.uk/media/mqbh3j0o/klaas-eissens_agrico-rs-16-07-19-3.jpg]
[www.agrico.co.uk/media/mqbh3j0o/klaas-eissens_agrico-rs-16-07-19-3fd65.jpg]
[www.agrico.co.uk/media/svkbfzfu/img_71985821.jpg]
[www.agrico.co.uk/media/2clbuc4c/plant-kla9d5.jpg]
[www.agrico.co.uk/case-study-pedigree-analysis.html]
[www.agrico.co.uk/media/ifvmdhju/events-header.png]
[www.agrico.co.uk/media/ifvmdhju/events-headera127.png]
[www.agrico.co.uk/media/qneoc4xj/wcm-trialsfaa1.jpg]
[www.agrico.co.uk/media/ocmb3e4s/img_0684-be426.jpg]
[www.agrico.co.uk/media/umddr1bl/agrico-variety-open-day-2022.pdf]
[www.agrico.co.uk/media/xiubcb4f/dji_00921006.jpg]
[www.agrico.co.uk/media/fehfv1az/potatoeurope2022-uk475d.png]
[www.agrico.co.uk/media/xcwh0mdh/isle-of-ely-event6ed5.jpg]
[www.agrico.co.uk/event-overview.html]
[www.agrico.co.uk/media/5rphz2ly/cchat2.jpg]
[www.agrico.co.uk/media/5rphz2ly/cchat29554.jpg]
[www.agrico.co.uk/uk-varieties/babylon.html]
[www.agrico.co.uk/media/nqpjvpqp/cchat351e3.jpg]
[www.agrico.co.uk/news/chippy-chat-open-day-2022.html]
[www.agrico.co.uk/media/rsqj1kkh/ag-variety-day3.jpg]
[www.agrico.co.uk/media/rsqj1kkh/ag-variety-day3683d.jpg]
[www.agrico.co.uk/media/raklcf4h/ag-variety-day1f186.jpg]
[www.agrico.co.uk/media/3qgeyflx/ag-variety-day2f1d7.jpg]
[www.agrico.co.uk/news/agrico-uk-variety-open-days-at-crowland.html]
[www.agrico.co.uk/media/gggp4vrz/wpc-2022.jpg]
[www.agrico.co.uk/media/gggp4vrz/wpc-2022a6be.jpg]
[www.agrico.co.uk/media/5suozwfg/fupn-cox0aewsnc7c90.jpg]
[www.agrico.co.uk/media/0dhlg1be/conferencebe2b.jpg]
[www.agrico.co.uk/media/aavbp32t/fuq4yrhxsaavdm6cd60.jpg]
[www.agrico.co.uk/news/world-potato-congress-2022.html]
[www.agrico.co.uk/media/ivrb003g/babylon_com_tbr-agrico21-uk.jpg]
[www.agrico.co.uk/media/ivrb003g/babylon_com_tbr-agrico21-uke014.jpg]
[www.agrico.co.uk/news/babylon-the-early-years.html]
[www.agrico.co.uk/enquiry-form.html]
[www.agrico.co.uk/uk-varietiesd41d.html]
[www.agrico.co.uk/media/a4anfx31/agrico-variety-open-day-2022-book.pdf]
[www.agrico.co.uk/media/rxmj5xp5/alouette-nieuw-b-agrico-nl-hr-2020-foto-niet-goeda7d8.jpg]
[www.agrico.co.uk/media/rnzlckym/alouette_wdg-agrico20dbb9.jpg]
[www.agrico.co.uk/media/k0zlxaah/alouette_sng-cl-agrico2006d8.jpg]
[www.agrico.co.uk/media/21uaced2/alouette-op-plank-80af7.jpg]
[ajax.aspnetcdn.com/ajax/jQuery/jquery-2.2.4.min.js]
[ajax.aspnetcdn.com/ajax/jquery.validate/1.15.0/jquery.validate.min.js]
[ajax.aspnetcdn.com/ajax/mvc/5.1/jquery.validate.unobtrusive.min.js]
[www.agrico.co.uk/App_Plugins/UmbracoForms/Assets/Themes/Default/umbracoforms.js]
[www.agrico.co.uk/uk-varieties/alouette.html]
[www.agrico.co.uk/media/2cfnubyw/athlete_grb-cl-agrico21-1bfa0.jpg]
[www.agrico.co.uk/media/v2wd5yt5/prc_plt-agrico21-uk96f9.png]
[www.agrico.co.uk/uk-varieties/athlete.html]
[www.agrico.co.uk/dist/assets/images/library/overlay-next generation.png]
[www.agrico.co.uk/media/f3rbj0o4/beyonce-b-agrico-nl-hr-20207b4a.jpg]
[www.agrico.co.uk/media/ju5p3y4p/beyonce_chp-agrico207fd0.jpg]
[www.agrico.co.uk/media/trzhiviz/beyonce_sng-cl-agrico204374.jpg]
[www.agrico.co.uk/media/tnrhhkfe/agrico_gmpro_-beyonce-98460a35.jpg]
[www.agrico.co.uk/uk-varieties/beyonce.html]
[www.agrico.co.uk/media/mnpngbmd/carolus-b-agrico-nl-hr-20206068.jpg]
[www.agrico.co.uk/media/sqlkxbig/carolus_ff-agrico20dac9.jpg]
[www.agrico.co.uk/media/c00bxxq3/carolus_sng-cl-agrico20fc5d.jpg]
[www.agrico.co.uk/media/urvnvuzt/carolus-knollen-omhoog-trekken5e88.jpg]
[www.agrico.co.uk/uk-varieties/carolus.html]
[www.agrico.co.uk/media/ee1bjlay/jacky-b-agrico-nl-hr-2020def2.jpg]
[www.agrico.co.uk/media/q0alevos/jacky_sng-cl-agrico20fa8f.jpg]
[www.agrico.co.uk/media/zq2puy2j/jacky-kriel_grb-agrico20556d.jpg]
[www.agrico.co.uk/media/zttdxslh/dsc_13441286.jpg]
[www.agrico.co.uk/uk-varieties/jacky.html]
[www.agrico.co.uk/media/xdvnp45t/levante-b-agrico-nl-hr-2020-geen-goede-foto91d6.jpg]
[www.agrico.co.uk/media/abheccja/levante_sng-cl-agrico20531b.jpg]
[www.agrico.co.uk/media/5wxa3sgc/levante_sng-cc-agrico204398.jpg]
[www.agrico.co.uk/media/ba4pyrua/dsc_0013b473.jpg]
[www.agrico.co.uk/uk-varieties/levante.html]
[www.agrico.co.uk/media/rvnfatpv/marfona-b-agrico-nl-hr-20203e16.jpg]
[www.agrico.co.uk/media/ovilmuc5/marfona_sng-cl-agrico200e2c.jpg]
[www.agrico.co.uk/media/4hzainhw/marfona_grs-agrico20df33.jpg]
[www.agrico.co.uk/uk-varieties/marfona.html]
[www.agrico.co.uk/media/omegqd25/twinner-b-agrico-nl-hr-2020-geen-goede-foto1838.jpg]
[www.agrico.co.uk/media/hpfhqtmd/twinner_ff-agrico2060d0.jpg]
[www.agrico.co.uk/media/rzegl2n5/twinner_sng-cl-agrico201271.jpg]
[www.agrico.co.uk/media/ypknwjkg/twinner-agrico-2019-2351ec.jpg]
[www.agrico.co.uk/uk-varieties/twinner.html]
[www.agrico.co.uk/media/x5clpxu3/twister-b-agrico-nl-hr-2020-geen-goede-fotof84e.jpg]
[www.agrico.co.uk/media/aqpnanau/twister_sng-cl-agrico20b71d.jpg]
[www.agrico.co.uk/media/ugmcpsuu/twister_wdg-agrico20f9a6.jpg]
[www.agrico.co.uk/media/2vlj0hbk/twister-licht-violet-bloem-agrico-2019-11b76c.jpg]
[www.agrico.co.uk/uk-varieties/twister.html]
[www.agrico.co.uk/media/qzqfzgq2/arsenal-b-2019-agrico-nl-hr-2020bd95.jpg]
[www.agrico.co.uk/media/0uinhkqx/arsenal_chp-agrico20d2ab.jpg]
[www.agrico.co.uk/media/si2ccmlw/arsenal_sng-cl-agrico204f9b.jpg]
[www.agrico.co.uk/media/rsulvjl5/klaas-eissens-av-producties_agrico_arsenal-29-07-19-18197.jpg]
[www.agrico.co.uk/uk-varieties/arsenal.html]
[www.agrico.co.uk/media/qcpfblpj/manitou-b-agrico-nl-hr-2020-geen-goede-foto6f85.jpg]
[www.agrico.co.uk/media/bhjog3c1/manitou_sng-cc-agrico200ecd.jpg]
[www.agrico.co.uk/media/q1pngo5o/manitou_sng-cl-agrico20a237.jpg]
[www.agrico.co.uk/media/1zibxucp/klaas-eissens-av-producties_agrico_manitou-29-07-19-6764d.jpg]
[www.agrico.co.uk/uk-varieties/manitou.html]
[www.agrico.co.uk/media/51zmpb5o/picasso-b-agrico-nl-hr-202070f0.jpg]
[www.agrico.co.uk/media/olbnb05e/picasso_sng-cl-agrico20f835.jpg]
[www.agrico.co.uk/media/01jp4puz/picasso_grs-agrico20f827.jpg]
[www.agrico.co.uk/uk-varieties/picasso.html]
[www.agrico.co.uk/media/rbmbcswt/markies-b-agrico-nl-hr-2020a5c1.jpg]
[www.agrico.co.uk/media/qcpj2vs0/markies_ff-agrico2050dd.jpg]
[www.agrico.co.uk/media/owpjsplc/markies_sng-cl-agrico202e11.jpg]
[www.agrico.co.uk/media/dwgn4x3h/markies5a83.png]
[www.agrico.co.uk/uk-varieties/markies.html]
[www.agrico.co.uk/media/y4bhntzg/babylon-b-2019-agrico-nl-hr-20203033.jpg]
[www.agrico.co.uk/media/pi1bkhid/babylon_ff-agrico200c09.jpg]
[www.agrico.co.uk/media/42aftx0d/babylon_sng-cl-agrico206617.jpg]
[www.agrico.co.uk/media/ivrb003g/babylon_com_tbr-agrico21-uk250f.jpg]
[www.agrico.co.uk/uk-varieties/babylon.html]
[www.agrico.co.uk/uk-varietiesd41d.html]
[www.agrico.co.uk/app_plugins/umbracoforms/assets/defaultform.css]
